{
	"@@locale": "en",
	"helloAndWelcome2": "Welcome {firstName}!",
	"@helloAndWelcome2": {
		"placeholders": {
			"firstName": {}
		}
	}
}
