{
	"@@locale": "en",
	"helloAndWelcome2": "Welcome!",
	"@helloAndWelcome2": {}
}